
u-boot=> ls mmc 2:2 /bootboot                load mmc 2:1 /   2 /bot/  ot/myImage$/boot/myImage{/boot/myImagel/boot/myImageo/boot/myImagea/boot/myImaged/boot/myImagea/boot/myImaged/boot/myImaged/boot/myImager/boot/myImage}/boot/myImage /boot/myImage
31076864 bytes read in 95 ms (312 MiB/s)
u-boot=> load mmc 2:2 ${loadaddr} /boot/myImageaddr} /boot/myImage addr} /boot/myImage addr} /boot/myImage addr} /boot/myImage faddr} /boot/myImagedaddr} /boot/myImagetaddr} /boot/myImage_addr} /boot/myImage0addr} /boot/myImage0addr} /boot/myImageaddr} /boot/myImage addr} /boot/myImage addr} /boot/myImage       imx8mm-evk.dtb
47295 bytes read in 1 ms (45.1 MiB/s)
u-boot=> load mmc 2:2 ${fdt_addr} /boot/imx8mm-evk.dtb                                             load mmc 2:2 ${loadaddr} /boot/myImage                                      ls mmc 2:2 /boot                ls  booti ${loadaddr} - ${fdt_addr}
## Flattened Device Tree blob at 43000000
   Booting using the fdt blob at 0x43000000
   Using Device Tree in place at 0000000043000000, end 000000004300e8be
adv7535_mipi2hdmi adv7535@3d: Can't find cec device id=0x3c
fail to probe panel device adv7535@3d
mxs_video lcdif@32e00000: failed to get any video link display timings
probe video device failed, ret -22

Starting kernel ...

[    0.000000] Booting Linux on physical CPU 0x0000000000 [0x410fd034]
[    0.000000] Linux version 5.15.71+g95448dd0dc9b (oe-user@oe-host) (aarch64-poky-linux-gcc (GCC) 11.3.0, GNU ld (GNU Binutils) 2.38.20220708) #1 SMP PREEMPT Wed Feb 8 03:38:28 UTC 2023
[    0.000000] Machine model: FSL i.MX8MM EVK board
[    0.000000] efi: UEFI not found.
[    0.000000] Reserved memory: created CMA memory pool at 0x0000000096000000, size 640 MiB
[    0.000000] OF: reserved mem: initialized node linux,cma, compatible id shared-dma-pool
[    0.000000] NUMA: No NUMA configuration found
[    0.000000] NUMA: Faking a node at [mem 0x0000000040000000-0x00000000bdffffff]
[    0.000000] NUMA: NODE_DATA [mem 0x95bd1800-0x95bd3fff]
[    0.000000] Zone ranges:
[    0.000000]   DMA      [mem 0x0000000040000000-0x00000000bdffffff]
[    0.000000]   DMA32    empty
[    0.000000]   Normal   empty
[    0.000000] Movable zone start for each node
[    0.000000] Early memory node ranges
[    0.000000]   node   0: [mem 0x0000000040000000-0x00000000bdffffff]
[    0.000000] Initmem setup node 0 [mem 0x0000000040000000-0x00000000bdffffff]
[    0.000000] On node 0, zone DMA: 8192 pages in unavailable ranges
[    0.000000] psci: probing for conduit method from DT.
[    0.000000] psci: PSCIv1.1 detected in firmware.
[    0.000000] psci: Using standard PSCI v0.2 function IDs
[    0.000000] psci: Trusted OS migration not required
[    0.000000] psci: SMC Calling Convention v1.2
[    0.000000] percpu: Embedded 20 pages/cpu s41368 r8192 d32360 u81920
[    0.000000] Detected VIPT I-cache on CPU0
[    0.000000] CPU features: detected: GIC system register CPU interface
[    0.000000] CPU features: detected: ARM erratum 845719
[    0.000000] Built 1 zonelists, mobility grouping on.  Total pages: 508032
[    0.000000] Policy zone: DMA
[    0.000000] Kernel command line: console=ttymxc1,115200 root=/dev/mmcblk2p2 rootwait
[    0.000000] Dentry cache hash table entries: 262144 (order: 9, 2097152 bytes, linear)
[    0.000000] Inode-cache hash table entries: 131072 (order: 8, 1048576 bytes, linear)
[    0.000000] mem auto-init: stack:off, heap alloc:off, heap free:off
[    0.000000] Memory: 1337560K/2064384K available (18560K kernel code, 1548K rwdata, 7172K rodata, 2944K init, 543K bss, 71464K reserved, 655360K cma-reserved)
[    0.000000] SLUB: HWalign=64, Order=0-3, MinObjects=0, CPUs=4, Nodes=1
[    0.000000] rcu: Preemptible hierarchical RCU implementation.
[    0.000000] rcu: 	RCU event tracing is enabled.
[    0.000000] rcu: 	RCU restricting CPUs from NR_CPUS=256 to nr_cpu_ids=4.
[    0.000000] 	Trampoline variant of Tasks RCU enabled.
[    0.000000] rcu: RCU calculated value of scheduler-enlistment delay is 25 jiffies.
[    0.000000] rcu: Adjusting geometry for rcu_fanout_leaf=16, nr_cpu_ids=4
[    0.000000] NR_IRQS: 64, nr_irqs: 64, preallocated irqs: 0
[    0.000000] GICv3: GIC: Using split EOI/Deactivate mode
[    0.000000] GICv3: 128 SPIs implemented
[    0.000000] GICv3: 0 Extended SPIs implemented
[    0.000000] GICv3: Distributor has no Range Selector support
[    0.000000] Root IRQ handler: gic_handle_irq
[    0.000000] GICv3: 16 PPIs implemented
[    0.000000] GICv3: CPU0: found redistributor 0 region 0:0x0000000038880000
[    0.000000] ITS: No ITS available, not enabling LPIs
[    0.000000] arch_timer: cp15 timer(s) running at 8.00MHz (phys).
[    0.000000] clocksource: arch_sys_counter: mask: 0xffffffffffffff max_cycles: 0x1d854df40, max_idle_ns: 440795202120 ns
[    0.000001] sched_clock: 56 bits at 8MHz, resolution 125ns, wraps every 2199023255500ns
[    0.000401] Console: colour dummy device 80x25
[    0.000470] Calibrating delay loop (skipped), value calculated using timer frequency.. 16.00 BogoMIPS (lpj=32000)
[    0.000483] pid_max: default: 32768 minimum: 301
[    0.000539] LSM: Security Framework initializing
[    0.000632] Mount-cache hash table entries: 4096 (order: 3, 32768 bytes, linear)
[    0.000647] Mountpoint-cache hash table entries: 4096 (order: 3, 32768 bytes, linear)
[    0.002065] rcu: Hierarchical SRCU implementation.
[    0.003042] EFI services will not be available.
[    0.003247] smp: Bringing up secondary CPUs ...
[    0.003682] Detected VIPT I-cache on CPU1
[    0.003712] GICv3: CPU1: found redistributor 1 region 0:0x00000000388a0000
[    0.003758] CPU1: Booted secondary processor 0x0000000001 [0x410fd034]
[    0.004285] Detected VIPT I-cache on CPU2
[    0.004306] GICv3: CPU2: found redistributor 2 region 0:0x00000000388c0000
[    0.004332] CPU2: Booted secondary processor 0x0000000002 [0x410fd034]
[    0.004744] Detected VIPT I-cache on CPU3
[    0.004763] GICv3: CPU3: found redistributor 3 region 0:0x00000000388e0000
[    0.004785] CPU3: Booted secondary processor 0x0000000003 [0x410fd034]
[    0.004847] smp: Brought up 1 node, 4 CPUs
[    0.004873] SMP: Total of 4 processors activated.
[    0.004879] CPU features: detected: 32-bit EL0 Support
[    0.004883] CPU features: detected: 32-bit EL1 Support
[    0.004893] CPU features: detected: CRC32 instructions
[    0.012757] CPU: All CPU(s) started at EL2
[    0.012793] alternatives: patching kernel code
[    0.014055] devtmpfs: initialized
[    0.020211] KASLR disabled due to lack of seed
[    0.020366] clocksource: jiffies: mask: 0xffffffff max_cycles: 0xffffffff, max_idle_ns: 7645041785100000 ns
[    0.020385] futex hash table entries: 1024 (order: 4, 65536 bytes, linear)
[    0.039084] pinctrl core: initialized pinctrl subsystem
[    0.039645] DMI not present or invalid.
[    0.040312] NET: Registered PF_NETLINK/PF_ROUTE protocol family
[    0.045284] DMA: preallocated 256 KiB GFP_KERNEL pool for atomic allocations
[    0.045671] DMA: preallocated 256 KiB GFP_KERNEL|GFP_DMA pool for atomic allocations
[    0.046035] DMA: preallocated 256 KiB GFP_KERNEL|GFP_DMA32 pool for atomic allocations
[    0.046101] audit: initializing netlink subsys (disabled)
[    0.046338] audit: type=2000 audit(0.044:1): state=initialized audit_enabled=0 res=1
[    0.046892] thermal_sys: Registered thermal governor 'step_wise'
[    0.046898] thermal_sys: Registered thermal governor 'power_allocator'
[    0.047095] cpuidle: using governor menu
[    0.047287] hw-breakpoint: found 6 breakpoint and 4 watchpoint registers.
[    0.047376] ASID allocator initialised with 65536 entries
[    0.048251] Serial: AMBA PL011 UART driver
[    0.048314] imx mu driver is registered.
[    0.048333] imx rpmsg driver is registered.
[    0.059471] imx8mm-pinctrl 30330000.pinctrl: initialized IMX pinctrl driver
[    0.068941] platform 32e10000.mipi_dsi: Fixing up cyclic dependency with 32e00000.lcdif
[    0.069598] platform 32e30000.mipi_csi: Fixing up cyclic dependency with 32e20000.csi1_bridge
[    0.091140] HugeTLB registered 1.00 GiB page size, pre-allocated 0 pages
[    0.091160] HugeTLB registered 32.0 MiB page size, pre-allocated 0 pages
[    0.091167] HugeTLB registered 2.00 MiB page size, pre-allocated 0 pages
[    0.091176] HugeTLB registered 64.0 KiB page size, pre-allocated 0 pages
[    0.092364] cryptd: max_cpu_qlen set to 1000
[    0.095476] ACPI: Interpreter disabled.
[    0.096167] iommu: Default domain type: Translated 
[    0.096177] iommu: DMA domain TLB invalidation policy: strict mode 
[    0.096338] vgaarb: loaded
[    0.096640] SCSI subsystem initialized
[    0.096950] usbcore: registered new interface driver usbfs
[    0.096990] usbcore: registered new interface driver hub
[    0.097016] usbcore: registered new device driver usb
[    0.097904] mc: Linux media interface: v0.10
[    0.097928] videodev: Linux video capture interface: v2.00
[    0.098002] pps_core: LinuxPPS API ver. 1 registered
[    0.098010] pps_core: Software ver. 5.3.6 - Copyright 2005-2007 Rodolfo Giometti <giometti@linux.it>
[    0.098026] PTP clock support registered
[    0.098178] EDAC MC: Ver: 3.0.0
[    0.099230] FPGA manager framework
[    0.099307] Advanced Linux Sound Architecture Driver Initialized.
[    0.099809] Bluetooth: Core ver 2.22
[    0.099834] NET: Registered PF_BLUETOOTH protocol family
[    0.099841] Bluetooth: HCI device and connection manager initialized
[    0.099850] Bluetooth: HCI socket layer initialized
[    0.099860] Bluetooth: L2CAP socket layer initialized
[    0.099878] Bluetooth: SCO socket layer initialized
[    0.100578] clocksource: Switched to clocksource arch_sys_counter
[    0.100731] VFS: Disk quotas dquot_6.6.0
[    0.100775] VFS: Dquot-cache hash table entries: 512 (order 0, 4096 bytes)
[    0.100937] pnp: PnP ACPI: disabled
[    0.106648] NET: Registered PF_INET protocol family
[    0.106805] IP idents hash table entries: 32768 (order: 6, 262144 bytes, linear)
[    0.107736] tcp_listen_portaddr_hash hash table entries: 1024 (order: 2, 16384 bytes, linear)
[    0.107769] Table-perturb hash table entries: 65536 (order: 6, 262144 bytes, linear)
[    0.107782] TCP established hash table entries: 16384 (order: 5, 131072 bytes, linear)
[    0.107922] TCP bind hash table entries: 16384 (order: 6, 262144 bytes, linear)
[    0.108158] TCP: Hash tables configured (established 16384 bind 16384)
[    0.108247] UDP hash table entries: 1024 (order: 3, 32768 bytes, linear)
[    0.108295] UDP-Lite hash table entries: 1024 (order: 3, 32768 bytes, linear)
[    0.108435] NET: Registered PF_UNIX/PF_LOCAL protocol family
[    0.108843] RPC: Registered named UNIX socket transport module.
[    0.108852] RPC: Registered udp transport module.
[    0.108857] RPC: Registered tcp transport module.
[    0.108862] RPC: Registered tcp NFSv4.1 backchannel transport module.
[    0.109573] PCI: CLS 0 bytes, default 64
[    0.110151] hw perfevents: enabled with armv8_cortex_a53 PMU driver, 7 counters available
[    0.110914] kvm [1]: IPA Size Limit: 40 bits
[    0.112432] kvm [1]: GICv3: no GICV resource entry
[    0.112440] kvm [1]: disabling GICv2 emulation
[    0.112455] kvm [1]: GIC system register CPU interface enabled
[    0.112538] kvm [1]: vgic interrupt IRQ9
[    0.112695] kvm [1]: Hyp mode initialized successfully
[    0.116018] Initialise system trusted keyrings
[    0.116172] workingset: timestamp_bits=42 max_order=19 bucket_order=0
[    0.121938] squashfs: version 4.0 (2009/01/31) Phillip Lougher
[    0.122538] NFS: Registering the id_resolver key type
[    0.122569] Key type id_resolver registered
[    0.122575] Key type id_legacy registered
[    0.122642] nfs4filelayout_init: NFSv4 File Layout Driver Registering...
[    0.122650] nfs4flexfilelayout_init: NFSv4 Flexfile Layout Driver Registering...
[    0.122673] jffs2: version 2.2. (NAND) Â© 2001-2006 Red Hat, Inc.
[    0.123003] 9p: Installing v9fs 9p2000 file system support
[    0.159532] Key type asymmetric registered
[    0.159544] Asymmetric key parser 'x509' registered
[    0.159606] Block layer SCSI generic (bsg) driver version 0.4 loaded (major 243)
[    0.159615] io scheduler mq-deadline registered
[    0.159622] io scheduler kyber registered
[    0.166048] EINJ: ACPI disabled.
[    0.176299] imx-sdma 302c0000.dma-controller: Direct firmware load for imx/sdma/sdma-imx7d.bin failed with error -2
[    0.176324] imx-sdma 302c0000.dma-controller: Falling back to sysfs fallback for: imx/sdma/sdma-imx7d.bin
[    0.182771] mxs-dma 33000000.dma-controller: initialized
[    0.184270] SoC: i.MX8MM revision 1.0
[    0.184852] Bus freq driver module loaded
[    0.190612] Serial: 8250/16550 driver, 4 ports, IRQ sharing enabled
[    0.192980] 30860000.serial: ttymxc0 at MMIO 0x30860000 (irq = 47, base_baud = 5000000) is a IMX
[    0.193510] 30880000.serial: ttymxc2 at MMIO 0x30880000 (irq = 48, base_baud = 5000000) is a IMX
[    0.193925] 30890000.serial: ttymxc1 at MMIO 0x30890000 (irq = 49, base_baud = 1500000) is a IMX
[    1.229079] printk: console [ttymxc1] enabled
[    1.249694] loop: module loaded
[    1.254106] of_reserved_mem_lookup() returned NULL
[    1.258984] megasas: 07.717.02.00-rc1
[    1.264225] imx ahci driver is registered.
[    1.272070] spi-nor spi0.0: n25q256ax1 (32768 Kbytes)
[    1.281064] tun: Universal TUN/TAP device driver, 1.6
[    1.286957] thunder_xcv, ver 1.0
[    1.290235] thunder_bgx, ver 1.0
[    1.293506] nicpf, ver 1.0
[    1.298288] hclge is initializing
[    1.301631] hns3: Hisilicon Ethernet Network Driver for Hip08 Family - version
[    1.308858] hns3: Copyright (c) 2017 Huawei Corporation.
[    1.314219] e1000: Intel(R) PRO/1000 Network Driver
[    1.319104] e1000: Copyright (c) 1999-2006 Intel Corporation.
[    1.324891] e1000e: Intel(R) PRO/1000 Network Driver
[    1.329859] e1000e: Copyright(c) 1999 - 2015 Intel Corporation.
[    1.335818] igb: Intel(R) Gigabit Ethernet Network Driver
[    1.341260] igb: Copyright (c) 2007-2014 Intel Corporation.
[    1.346871] igbvf: Intel(R) Gigabit Virtual Function Network Driver
[    1.353153] igbvf: Copyright (c) 2009 - 2012 Intel Corporation.
[    1.359252] sky2: driver version 1.30
[    1.363500] usbcore: registered new interface driver r8152
[    1.369260] VFIO - User Level meta-driver version: 0.3
[    1.376721] ehci_hcd: USB 2.0 'Enhanced' Host Controller (EHCI) Driver
[    1.383264] ehci-pci: EHCI PCI platform driver
[    1.387747] ehci-platform: EHCI generic platform driver
[    1.393177] ohci_hcd: USB 1.1 'Open' Host Controller (OHCI) Driver
[    1.399385] ohci-pci: OHCI PCI platform driver
[    1.403865] ohci-platform: OHCI generic platform driver
[    1.409853] usbcore: registered new interface driver uas
[    1.415221] usbcore: registered new interface driver usb-storage
[    1.421300] usbcore: registered new interface driver usbserial_generic
[    1.427852] usbserial: USB Serial support registered for generic
[    1.433891] usbcore: registered new interface driver ftdi_sio
[    1.439656] usbserial: USB Serial support registered for FTDI USB Serial Device
[    1.446999] usbcore: registered new interface driver usb_serial_simple
[    1.453550] usbserial: USB Serial support registered for carelink
[    1.459662] usbserial: USB Serial support registered for zio
[    1.465340] usbserial: USB Serial support registered for funsoft
[    1.471367] usbserial: USB Serial support registered for flashloader
[    1.477749] usbserial: USB Serial support registered for google
[    1.483691] usbserial: USB Serial support registered for libtransistor
[    1.490239] usbserial: USB Serial support registered for vivopay
[    1.496266] usbserial: USB Serial support registered for moto_modem
[    1.502555] usbserial: USB Serial support registered for motorola_tetra
[    1.509191] usbserial: USB Serial support registered for nokia
[    1.515045] usbserial: USB Serial support registered for novatel_gps
[    1.521422] usbserial: USB Serial support registered for hp4x
[    1.527189] usbserial: USB Serial support registered for suunto
[    1.533130] usbserial: USB Serial support registered for siemens_mpi
[    1.539518] usbcore: registered new interface driver usb_ehset_test
[    1.548671] input: 30370000.snvs:snvs-powerkey as /devices/platform/soc@0/30000000.bus/30370000.snvs/30370000.snvs:snvs-powerkey/input/input0
[    1.563250] snvs_rtc 30370000.snvs:snvs-rtc-lp: registered as rtc0
[    1.569478] snvs_rtc 30370000.snvs:snvs-rtc-lp: setting system clock to 1970-01-01T01:06:25 UTC (3985)
[    1.578916] i2c_dev: i2c /dev entries driver
[    1.584201] mx6s-csi 32e20000.csi1_bridge: initialising
[    1.593149] Bluetooth: HCI UART driver ver 2.3
[    1.597616] Bluetooth: HCI UART protocol H4 registered
[    1.602770] Bluetooth: HCI UART protocol BCSP registered
[    1.608107] Bluetooth: HCI UART protocol LL registered
[    1.613251] Bluetooth: HCI UART protocol ATH3K registered
[    1.618679] Bluetooth: HCI UART protocol Three-wire (H5) registered
[    1.625039] Bluetooth: HCI UART protocol Broadcom registered
[    1.630719] Bluetooth: HCI UART protocol QCA registered
[    1.637544] sdhci: Secure Digital Host Controller Interface driver
[    1.643747] sdhci: Copyright(c) Pierre Ossman
[    1.648803] Synopsys Designware Multimedia Card Interface Driver
[    1.655471] sdhci-pltfm: SDHCI platform and OF driver helper
[    1.663275] ledtrig-cpu: registered to indicate activity on CPUs
[    1.670280] SMCCC: SOC_ID: ARCH_SOC_ID not implemented, skipping ....
[    1.677233] usbcore: registered new interface driver usbhid
[    1.682820] usbhid: USB HID core driver
[    1.691223]  cs_system_cfg: CoreSight Configuration manager initialised
[    1.694483] mmc2: SDHCI controller on 30b60000.mmc [30b60000.mmc] using ADMA
[    1.699320] optee: probing for conduit method.
[    1.709406] optee: revision 3.19 (00919403)
[    1.710297] optee: dynamic shared memory is enabled
[    1.719723] optee: initialized driver
[    1.724736] galcore: clk_get vg clock failed, disable vg!
[    1.730454] Galcore version 6.4.3.p4.398061
[    1.790319] mmc2: new HS400 Enhanced strobe MMC card at address 0001
[    1.791012] [drm] Initialized vivante 1.0.0 20170808 for 38000000.gpu on minor 0
[    1.797652] mmcblk2: mmc2:0001 8GTF4R 7.28 GiB 
[    1.805827] hantrodec 0 : module inserted. Major = 510
[    1.814195]  mmcblk2: p1 p2
[    1.814455] hantrodec 1 : module inserted. Major = 510
[    1.818785] mmcblk2boot0: mmc2:0001 8GTF4R 4.00 MiB 
[    1.823134] hx280enc: module inserted. Major <509>
[    1.828820] mmcblk2boot1: mmc2:0001 8GTF4R 4.00 MiB 
[    1.836887] NET: Registered PF_LLC protocol family
[    1.837395] NET: Registered PF_INET6 protocol family
[    1.843585] mmcblk2rpmb: mmc2:0001 8GTF4R 512 KiB, chardev (234:0)
[    1.848792] Segment Routing with IPv6
[    1.856584] In-situ OAM (IOAM) with IPv6
[    1.860549] NET: Registered PF_PACKET protocol family
[    1.866325] Bluetooth: RFCOMM TTY layer initialized
[    1.871240] Bluetooth: RFCOMM socket layer initialized
[    1.876404] Bluetooth: RFCOMM ver 1.11
[    1.880166] Bluetooth: BNEP (Ethernet Emulation) ver 1.3
[    1.885482] Bluetooth: BNEP filters: protocol multicast
[    1.890716] Bluetooth: BNEP socket layer initialized
[    1.895690] Bluetooth: HIDP (Human Interface Emulation) ver 1.2
[    1.901619] Bluetooth: HIDP socket layer initialized
[    1.907336] 8021q: 802.1Q VLAN Support v1.8
[    1.911549] lib80211: common routines for IEEE802.11 drivers
[    1.917340] 9pnet: Installing 9P2000 support
[    1.921647] tsn generic netlink module v1 init...
[    1.926443] Key type dns_resolver registered
[    1.931319] Loading compiled-in X.509 certificates
[    1.959371] usb_phy_generic usbphynop1: supply vcc not found, using dummy regulator
[    1.967160] usb_phy_generic usbphynop1: dummy supplies not allowed for exclusive requests
[    1.975471] usb_phy_generic usbphynop2: supply vcc not found, using dummy regulator
[    1.983225] usb_phy_generic usbphynop2: dummy supplies not allowed for exclusive requests
[    2.049971] nxp-pca9450 0-0025: pca9450a probed.
[    2.054715] i2c i2c-0: IMX I2C adapter registered
[    2.060910] i2c 1-003d: Fixing up cyclic dependency with 32e10000.mipi_dsi
[    2.068151] adv7511 1-003d: supply avdd not found, using dummy regulator
[    2.074960] adv7511 1-003d: supply dvdd not found, using dummy regulator
[    2.081705] adv7511 1-003d: supply pvdd not found, using dummy regulator
[    2.088466] adv7511 1-003d: supply a2vdd not found, using dummy regulator
[    2.095291] adv7511 1-003d: supply v3p3 not found, using dummy regulator
[    2.102030] adv7511 1-003d: supply v1p2 not found, using dummy regulator
[    2.109856] adv7511 1-003d: Probe failed. Remote port 'mipi_dsi@32e10000' disabled
[    2.117678] i2c 1-0050: Fixing up cyclic dependency with 32e40000.usb
[    2.124962] i2c i2c-1: IMX I2C adapter registered
[    2.131219] pca953x 2-0020: using no AI
[    2.135408] pca953x 2-0020: failed writing register
[    2.141468] i2c 2-003c: Fixing up cyclic dependency with 32e30000.mipi_csi
[    2.148816] ov5640_mipi 2-003c: No sensor reset pin available
[    2.154615] ov5640_mipi 2-003c: supply DOVDD not found, using dummy regulator
[    2.161874] ov5640_mipi 2-003c: supply DVDD not found, using dummy regulator
[    2.168976] ov5640_mipi 2-003c: supply AVDD not found, using dummy regulator
[    2.184888] ov5640_mipi 2-003c: Read reg error: reg=300a
[    2.190213] ov5640_mipi 2-003c: Camera is not found
[    2.195368] i2c i2c-2: IMX I2C adapter registered
[    2.202520] imx6q-pcie 33800000.pcie: supply epdev_on not found, using dummy regulator
[    2.204669] imx-drm 32c00000.bus:display-subsystem: bound imx-lcdif-crtc.0 (ops lcdif_crtc_ops)
[    2.210803] imx6q-pcie 33800000.pcie: EXT REF_CLK is used!.
[    2.219336] imx_sec_dsim_drv 32e10000.mipi_dsi: version number is 0x1060200
[    2.231787] [drm:drm_bridge_attach] *ERROR* failed to attach bridge /soc@0/bus@32c00000/mipi_dsi@32e10000 to encoder DSI-34: -19
[    2.243383] imx_sec_dsim_drv 32e10000.mipi_dsi: Failed to attach bridge: 32e10000.mipi_dsi
[    2.251657] imx_sec_dsim_drv 32e10000.mipi_dsi: failed to bind sec dsim bridge: -19
[    2.259325] imx-drm 32c00000.bus:display-subsystem: bound 32e10000.mipi_dsi (ops imx_sec_dsim_ops)
[    2.269108] [drm] Initialized imx-drm 1.0.0 20120507 for 32c00000.bus:display-subsystem on minor 1
[    2.273680] imx6q-pcie 33800000.pcie: PCIe PLL lock timeout
[    2.283072] pps pps0: new PPS source ptp0
&
